<?xml version="1.0" encoding="UTF-8" ?>
<testsuites disabled="0" errors="0" failures="0" tests="6" time="10.033">
 <testsuite name="NPM Package registry integration tests" timestamp="2019-01-08T22:19:22" hostname="localhost" time="0.014" errors="0" tests="0" skipped="0" disabled="0" failures="0">
 </testsuite>
 <testsuite name="NPM Package registry integration tests" timestamp="2019-01-08T22:19:22" hostname="localhost" time="10.019" errors="0" tests="6" skipped="0" disabled="0" failures="0">
  <testcase classname="NPM Package registry integration tests" name="test that packages can be found in the registry" time="2.196" />
  <testcase classname="NPM Package registry integration tests" name="test that packages can be found in the registry for multiple keywords" time="2.822" />
  <testcase classname="NPM Package registry integration tests" name="test that not finding any result does not result in an error" time="1.342" />
  <testcase classname="NPM Package registry integration tests" name="test package json can be retrieved using npm view" time="1.173" />
  <testcase classname="NPM Package registry integration tests" name="test specific tags can be retrieved from a package" time="1.185" />
  <testcase classname="NPM Package registry integration tests" name="test that specific tag with correct type can be retrieved " time="1.296" />
 </testsuite>
</testsuites>